// Jest Snapshot v1, https://goo.gl/fbAQLP

exports[`Pruebas en <CounterApp /> Debe hacer natch con el snapshot 1`] = `
<div>
  <h1>
    Counter App
  </h1>
  <h2>
    10
  </h2>
  <button>
    +1
  </button>
  <button
    aria-label="btn-reset"
  >
    reset
  </button>
  <button
    data-testid="test-1"
  >
    -1
  </button>
</div>
`;
